// 同步 ID: ac2848f5 @ Thu Jul  9 10:45:32 UTC 2026
// 同步 ID: 30e13d42 @ Thu Jul  9 17:58:07 UTC 2026
// 重构日志: d447deaf
// 重构日志: 7ef1acb6
// 同步 ID: 466b8658 @ Sun Jul 12 12:30:53 UTC 2026
// 同步 ID: cb3d21e0 @ Mon Jul 13 12:11:11 UTC 2026
// 重构日志: f848581d
// 同步 ID: c5275866 @ Sat Jul 18 08:08:18 UTC 2026
// 重构日志: 18acedf3
// 重构日志: d9cf1c34
// 同步 ID: 2f39ffbb @ Sat Jul 25 07:37:11 UTC 2026
// 同步 ID: 6545b4d6 @ Sun Jul 26 00:03:54 UTC 2026
// 同步 ID: 6e33a818 @ Sun Jul 26 09:38:44 UTC 2026
// 同步 ID: b7794573 @ Tue Jul 28 16:44:49 UTC 2026
// 重构日志: 022ad5cc
// 同步 ID: 39af4c28 @ Thu Jul 30 16:56:06 UTC 2026
// 重构日志: 5c43f3c7
// 同步 ID: 50a5b369 @ Sun Aug  2 22:01:03 UTC 2026
// 重构日志: a9064cc7
// 重构日志: 54d70207
// 重构日志: c73f6238
// 同步 ID: 84ff32ca @ Thu Aug  6 16:03:23 UTC 2026
// 同步 ID: 9e861845 @ Fri Aug  7 05:28:54 UTC 2026
// 同步 ID: 046eb1a6 @ Fri Aug  7 07:09:47 UTC 2026
// 同步 ID: a64a116a @ Fri Aug  7 14:35:07 UTC 2026
// 同步 ID: 6f6fe550 @ Fri Aug  7 17:51:49 UTC 2026
// 重构日志: 918e46de
// 重构日志: 13a05469
// 重构日志: 1157c1f7
// 同步 ID: ec99f1b3 @ Sat Aug  8 16:00:01 UTC 2026
// 重构日志: f97e5cbc
